---
source: iox_query/src/plan/influxql/planner.rs
expression: "plan(\"SHOW MEASUREMENTS\").await"
---
This feature is not implemented: SHOW MEASUREMENTS
