---
source: iox_query/src/plan/influxql.rs
expression: "plan(\"SHOW TAG KEYS\")"
---
This feature is not implemented: SHOW TAG KEYS
