---
source: iox_query/src/plan/influxql.rs
expression: "plan(\"SELECT foo, atan2(f64_field, 2) FROM data\")"
---
Projection: data.time, data.foo AS foo, atan2(data.f64_field, Int64(2)) AS atan2 [time:Timestamp(Nanosecond, None), foo:Dictionary(Int32, Utf8);N, atan2:Float64;N]
  TableScan: data [TIME:Boolean;N, bar:Dictionary(Int32, Utf8);N, bool_field:Boolean;N, f64_field:Float64;N, foo:Dictionary(Int32, Utf8);N, i64_field:Int64;N, mixedCase:Float64;N, str_field:Utf8;N, time:Timestamp(Nanosecond, None), with space:Float64;N]
