---
source: iox_query/src/plan/influxql.rs
expression: "plan(\"CREATE DATABASE foo\")"
---
This feature is not implemented: CREATE DATABASE
