---
source: iox_query/src/plan/influxql.rs
expression: "plan(\"SHOW FIELD KEYS\")"
---
This feature is not implemented: SHOW FIELD KEYS
