---
source: iox_query/src/plan/influxql/planner.rs
expression: "plan(\"SHOW RETENTION POLICIES\").await"
---
This feature is not implemented: SHOW RETENTION POLICIES
