---
source: iox_query/src/plan/influxql.rs
expression: "plan(\"DROP MEASUREMENT foo\")"
---
This feature is not implemented: DROP MEASUREMENT
