-- Test Setup: MultiChunkSchemaMerge
-- SQL: SELECT * from cpu;
-- Results After Sorting
+------+--------+--------+--------------------------------+------+
| host | region | system | time                           | user |
+------+--------+--------+--------------------------------+------+
| bar  | west   |        | 1970-01-01T00:00:00.000000250Z | 21   |
| foo  | east   |        | 1970-01-01T00:00:00.000000100Z | 23.2 |
|      | west   | 5      | 1970-01-01T00:00:00.000000100Z | 23.2 |
|      | west   | 6      | 1970-01-01T00:00:00.000000150Z | 21   |
+------+--------+--------+--------------------------------+------+
-- SQL: SELECT host, region, system from cpu;
-- Results After Sorting
+------+--------+--------+
| host | region | system |
+------+--------+--------+
| bar  | west   |        |
| foo  | east   |        |
|      | west   | 5      |
|      | west   | 6      |
+------+--------+--------+